package simple

import "time"

type ValidStructWithSingleLineComments struct {
	// time.Time Single line comment
	time.Time

    // version Single line comment
	version int
}

type StructWithSingleLineComments struct {
	// time.Time Single line comment
	time.Time
	// version Single line comment
	version int
}

type StructWithMultiLineComments struct {
	// time.Time Single line comment
	time.Time
	// version Single line comment
	// very long comment
	version int
}

type A struct {
	// comment
	ValidStructWithSingleLineComments
    // C is foo
	StructWithSingleLineComments
	D string
}
